
 Start  Stop   Length Name               Class

 00000H 06F5FH 06F60H _TEXT              CODE
 06F60H 06F60H 00000H _FARDATA           FAR_DATA
 06F60H 06F60H 00000H _FARBSS            FAR_BSS
 06F60H 06F60H 00000H _OVERLAY_          OVRINFO
 06F60H 06F60H 00000H _1STUB_            STUBSEG
 06F60H 0791DH 009BEH _DATA              DATA
 0791EH 0791FH 00002H _CVTSEG            DATA
 07920H 07925H 00006H _SCNSEG            DATA
 07926H 07926H 00000H _CONST             CONST
 07926H 07949H 00024H _INIT_             INITDATA
 0794AH 0794AH 00000H _INITEND_          INITDATA
 0794AH 0795BH 00012H _EXIT_             EXITDATA
 0795CH 0795CH 00000H _EXITEND_          EXITDATA
 0795CH 07AB5H 0015AH _BSS               BSS
 07AB6H 07AB6H 00000H _BSSEND            BSSEND
 07AC0H 07B3FH 00080H _STACK             STACK

  Address         Publics by Name

 0000:172D       operator delete(void far*)
 0000:19A8       operator delete(void near*)
 0000:1751       operator delete[](void far*)
 0000:19B8       operator delete[](void near*)
 0000:1A0F       operator new(unsigned int)
 0000:19C8       set_new_handler(void(near*)())
 0000:2912       set_terminate(void(near*)())
 0000:29E2       set_unexpected(void(near*)())
 0000:632A       string::string(const char near*)
 0000:61EF       string::string(const string near&)
 0000:659C       string::~string()
 0000:664C       string::assert_element(unsigned int) const
 0000:6733       string::assert_index(unsigned int) const
 06F6:0958       string::case_sensitive
 06F6:0962       string::freeboard
 06F6:095E       string::initial_capac
 0000:6CCA       string::initial_capacity(unsigned int)
 0000:6D11       string::max_waste(unsigned int)
 06F6:095A       string::paranoid_check
 06F6:0960       string::resize_inc
 0000:6CE7       string::resize_increment(unsigned int)
 0000:6C73       string::set_case_sensitive(int)
 0000:6C90       string::set_paranoid_check(int)
 06F6:095C       string::skip_white
 0000:6CAD       string::skip_whitespace(int)
 0000:290A       terminate()
 0000:68BB       tstringref::tstringref(const char near*,unsigned int,const char near*,unsigned int,unsigned int)
 0000:6972       tstringref::~tstringref()
 0000:6A31       tstringref::check_freeboard()
 0000:6A95       tstringref::grow_to(unsigned int)
 0000:69CF       tstringref::reserve(unsigned int)
 0000:6AE6       tstringref::round_capacity(unsigned int)
 0000:6B33       tstringref::splice(unsigned int,unsigned int,const char near*,unsigned int)
 0000:681A       tsubstring::assert_element(unsigned int) const
 0000:5BFE       typeinfo::operator =(const typeinfo near&)
 0000:5BA3       typeinfo::typeinfo(const typeinfo near&)
 0000:5C0A       typeinfo::~typeinfo()
 0000:5C33       typeinfo::operator ==(const typeinfo near&) const
 0000:5C61       typeinfo::operator !=(const typeinfo near&) const
 0000:5C7C       typeinfo::before(const typeinfo near&) const
 0000:5CDE       typeinfo::name() const
 0000:29DA       unexpected()
 0000:2B60       xalloc::xalloc(const string near&,unsigned int)
 0000:2BC9       xalloc::raise()
 0000:2F3D       xmsg::operator =(const xmsg near&)
 0000:2DE2       xmsg::xmsg(const xmsg near&)
 0000:2D3F       xmsg::xmsg(const string near&)
 0000:2E63       xmsg::~xmsg()
 0000:2ED2       xmsg::raise()
 0000:46C5       _catchcleanup()
 0000:3F7A       _rethrowexception(unsigned int,unsigned char near*)
 0000:3F2A       _throwexception(void far*,void far*,void far*,void far*,unsigned int,unsigned int,unsigned int,unsigned char near*)
 0000:5FE9       __dynamiccast(void far*,void far*,void far*,void far*,int)
 0000:2A5A       __getpolymorphicdtc(void far*,unsigned int)
 0000:2ABC       __getpolymorphicdtcfar(void far*,unsigned int)
 0000:5CF7       __gettypeinfo(void far*,void far*,void far*,void far*)
 0000:3046       __refdestructorcount()
 0000:304C       __refexceptionlist()
 0000:5B96       __throwexceptionname()
 0000:5B7C       __throwfilename()
 0000:5B89       __throwlinenumber()
 06F6:0000       DATASEG@
 0000:028F       DGROUP@
 0000:1589       F_LDIV@
 0000:1598       F_LMOD@
 0000:1590       F_LUDIV@
 0000:15A0       F_LUMOD@
 0000:1637       F_LXLSH@
 0000:22E2       F_PADD@
 0000:2311       F_PSUB@
 0000:1589       LDIV@
 0000:1598       LMOD@
 0000:1590       LUDIV@
 0000:15A0       LUMOD@
 0000:1637       LXLSH@
 0000:1586       N_LDIV@
 0000:1595       N_LMOD@
 0000:158D       N_LUDIV@
 0000:159D       N_LUMOD@
 0000:1634       N_LXLSH@
 0000:1655       N_LXMUL@
 0000:22DF       N_PADD@
 0000:233F       N_PCMP@
 0000:230E       N_PSUB@
 0000:22E2       PADD@
 0000:2311       PSUB@
 0000:23DB       _abort
 0000:23EB       _atexit
 0000:229B       _brk
 0000:28A9       _delay
 06F6:09FC       _eeprom
 06F6:0094       _errno
 0000:2468       _exit
 0000:1B8F       _farfree
 0000:1C99       _farmalloc
 0000:1DF3       _farrealloc
 0000:0BC4       _fflush
 0000:0CA4       _flushall
 0000:0FB5       _fputc
 0000:1110       _fputchar
 0000:0D1E       _fputs
 0000:1E6B       _free
 0000:0DD5       _fseek
 0000:0E41       _ftell
 0000:24C8       _getvect
 0000:06B7       _isatty
 0000:06CC       _lseek
 0000:0293       _main
 0000:1F3A       _malloc
 0000:0450       _memcpy
 0000:04FC       _memmove
 0000:0497       _memset
 0000:04B3       _movmem
 0000:0F0F       _perror
 0000:0F7F       _printf
 0000:27DD       _raise
 0000:40F3       _RaiseException
 0000:2091       _realloc
 0000:22AB       _sbrk
 0000:22BF       _setblock
 0000:046F       _setmem
 0000:12E0       _setvbuf
 0000:24DB       _setvect
 0000:26DB       _signal
 0000:0517       _strlen
 06F6:07DC       __8086
 0000:24B3       __abort
 0000:1000  Abs  __AHINCR
 0000:000C  Abs  __AHSHIFT
 06F6:07DE       __atexitcnt
 06F6:0A04       __atexittbl
 0000:0362       __bios_keybrd
 0000:216E       __brk
 06F6:00A0       __brklvl
 06F6:0084       __C0argc
 06F6:0086       __C0argv
 06F6:0088       __C0environ
 0000:2491       __cexit
 0000:015B       __checknull
 0000:0148       __cleanup
 0000:5B2B       __CurrExcContext
 0000:0000  Abs  __cvtfak
 0000:24A3       __c_exit
 06F6:0A4E       __DestructorCountPtr
 06F6:0452       __doserrno
 0000:06A3       __DOSERROR
 06F6:0454       __dosErrorToSV
 06F6:008A       __envLng
 06F6:008C       __envseg
 06F6:008E       __envSize
 0000:2B22       __ExceptInit
 0000:4DDF       __ExceptionHandler
 06F6:0096       __Exception_list
 0000:247B       __exit
 06F6:07E0       __exitbuf
 06F6:07E2       __exitfopen
 06F6:07E4       __exitopen
 06F6:07D4       __first
 0000:0C5C       __flushall
 0000:0CAC       __flushout
 0000:038B       __fmemcmp
 0000:03B3       __fmemcpy
 0000:03FD       __fmemset
 0000:0F9A       __fputc
 0000:1125       __FPUTN
 0000:05D0       __freeio
 0000:03D7       __fsetmem
 0000:0420       __fstrcmp
 0000:40A8       __Global_unwind
 06F6:009C       __heapbase
 06F6:07BE       __heaplen
 06F6:00A4       __heaptop
 06F6:0074       __Int0Vector
 06F6:0078       __Int4Vector
 06F6:007C       __Int5Vector
 06F6:0080       __Int6Vector
 0000:0665       __IOERROR
 06F6:07D6       __last
 0000:4D0C       __Local_unwind
 0000:166C       __LONGTOA
 0000:0291       __MMODEL
 06F6:0A00       __new_handler
 06F6:03EC       __nfile
 06F6:03EE       __openfd
 06F6:0092       __osmajor
 06F6:0093       __osminor
 06F6:0092       __osversion
 06F6:0090       __psp
 0000:1729       __REALCVT
 06F6:09BE       __RealCvtVector
 0000:01DD       __restorezero
 0000:4D2C       __Return_unwind
 06F6:07D8       __rover
 0000:1530       __rtl_write
 0000:21B1       __sbrk
 06F6:09C0       __ScanTodVector
 0000:0533       __setupio
 06F6:07C0       __stklen
 06F6:00CC       __streams
 06F6:0516       __sys_errlist
 06F6:0576       __sys_nerr
 0000:0182       __terminate
 0000:16E9       __UTOA
 06F6:0092       __version
 0000:0711       __VPRINTER
 0000:156E       __write
 0000:14F2       __xfflush
 0000:2240       ___brk
 06F6:009A       ___brklvl
 0000:2970       ___call_terminate
 0000:2A18       ___call_unexpected
 06F6:0826       ___CPPexceptionList
 0000:2360       ___ErrorMessage
 06F6:082A       ___exceptFlags
 06F6:0846       ___exceptionNameBuff
 06F6:0844       ___exceptMemAllocVars
 06F6:0842       ___exceptStaticBuffP
 06F6:08C6       ___ExceptStaticXbuff
 0000:30B8       ___ExitExceptBlocks
 0000:1A4F       ___first
 06F6:0098       ___heapbase
 0000:3052       ___InitExceptBlocks
 0000:30CB       ___JumpToCatch__
 0000:1A51       ___last
 0000:1A53       ___rover
 06F6:082C       ___savedDS
 06F6:082E       ___savedSI
 0000:2266       ___sbrk
 06F6:0A44       ___SignalPtr
 06F6:0830       ___terminatePTR
 06F6:0838       ___terminate_DS
 06F6:0840       ___throwExceptionName
 06F6:083C       ___throwFileName
 06F6:083E       ___throwLineNumber
 06F6:0834       ___unexpectdPTR
 06F6:083A       ___unexpectd_DS
 0000:13C9       ___write
 06F6:07C2       ___xalloc

  Address         Publics by Value

 0000:0000  Abs  __cvtfak
 0000:000C  Abs  __AHSHIFT
 0000:1000  Abs  __AHINCR
 0000:0148       __cleanup
 0000:015B       __checknull
 0000:0182       __terminate
 0000:01DD       __restorezero
 0000:028F       DGROUP@
 0000:0291       __MMODEL
 0000:0293       _main
 0000:0362       __bios_keybrd
 0000:038B       __fmemcmp
 0000:03B3       __fmemcpy
 0000:03D7       __fsetmem
 0000:03FD       __fmemset
 0000:0420       __fstrcmp
 0000:0450       _memcpy
 0000:046F       _setmem
 0000:0497       _memset
 0000:04B3       _movmem
 0000:04FC       _memmove
 0000:0517       _strlen
 0000:0533       __setupio
 0000:05D0       __freeio
 0000:0665       __IOERROR
 0000:06A3       __DOSERROR
 0000:06B7       _isatty
 0000:06CC       _lseek
 0000:0711       __VPRINTER
 0000:0BC4       _fflush
 0000:0C5C       __flushall
 0000:0CA4       _flushall
 0000:0CAC       __flushout
 0000:0D1E       _fputs
 0000:0DD5       _fseek
 0000:0E41       _ftell
 0000:0F0F       _perror
 0000:0F7F       _printf
 0000:0F9A       __fputc
 0000:0FB5       _fputc
 0000:1110       _fputchar
 0000:1125       __FPUTN
 0000:12E0       _setvbuf
 0000:13C9       ___write
 0000:14F2       __xfflush
 0000:1530       __rtl_write
 0000:156E       __write
 0000:1586       N_LDIV@
 0000:1589       LDIV@
 0000:1589       F_LDIV@
 0000:158D       N_LUDIV@
 0000:1590       LUDIV@
 0000:1590       F_LUDIV@
 0000:1595       N_LMOD@
 0000:1598       F_LMOD@
 0000:1598       LMOD@
 0000:159D       N_LUMOD@
 0000:15A0       F_LUMOD@
 0000:15A0       LUMOD@
 0000:1634       N_LXLSH@
 0000:1637       LXLSH@
 0000:1637       F_LXLSH@
 0000:1655       N_LXMUL@
 0000:166C       __LONGTOA
 0000:16E9       __UTOA
 0000:1729       __REALCVT
 0000:172D       operator delete(void far*)
 0000:1751       operator delete[](void far*)
 0000:19A8       operator delete(void near*)
 0000:19B8       operator delete[](void near*)
 0000:19C8       set_new_handler(void(near*)())
 0000:1A0F       operator new(unsigned int)
 0000:1A4F       ___first
 0000:1A51       ___last
 0000:1A53       ___rover
 0000:1B8F       _farfree
 0000:1C99       _farmalloc
 0000:1DF3       _farrealloc
 0000:1E6B       _free
 0000:1F3A       _malloc
 0000:2091       _realloc
 0000:216E       __brk
 0000:21B1       __sbrk
 0000:2240       ___brk
 0000:2266       ___sbrk
 0000:229B       _brk
 0000:22AB       _sbrk
 0000:22BF       _setblock
 0000:22DF       N_PADD@
 0000:22E2       F_PADD@
 0000:22E2       PADD@
 0000:230E       N_PSUB@
 0000:2311       PSUB@
 0000:2311       F_PSUB@
 0000:233F       N_PCMP@
 0000:2360       ___ErrorMessage
 0000:23DB       _abort
 0000:23EB       _atexit
 0000:2468       _exit
 0000:247B       __exit
 0000:2491       __cexit
 0000:24A3       __c_exit
 0000:24B3       __abort
 0000:24C8       _getvect
 0000:24DB       _setvect
 0000:26DB       _signal
 0000:27DD       _raise
 0000:28A9       _delay
 0000:290A       terminate()
 0000:2912       set_terminate(void(near*)())
 0000:2970       ___call_terminate
 0000:29DA       unexpected()
 0000:29E2       set_unexpected(void(near*)())
 0000:2A18       ___call_unexpected
 0000:2A5A       __getpolymorphicdtc(void far*,unsigned int)
 0000:2ABC       __getpolymorphicdtcfar(void far*,unsigned int)
 0000:2B22       __ExceptInit
 0000:2B60       xalloc::xalloc(const string near&,unsigned int)
 0000:2BC9       xalloc::raise()
 0000:2D3F       xmsg::xmsg(const string near&)
 0000:2DE2       xmsg::xmsg(const xmsg near&)
 0000:2E63       xmsg::~xmsg()
 0000:2ED2       xmsg::raise()
 0000:2F3D       xmsg::operator =(const xmsg near&)
 0000:3046       __refdestructorcount()
 0000:304C       __refexceptionlist()
 0000:3052       ___InitExceptBlocks
 0000:30B8       ___ExitExceptBlocks
 0000:30CB       ___JumpToCatch__
 0000:3F2A       _throwexception(void far*,void far*,void far*,void far*,unsigned int,unsigned int,unsigned int,unsigned char near*)
 0000:3F7A       _rethrowexception(unsigned int,unsigned char near*)
 0000:40A8       __Global_unwind
 0000:40F3       _RaiseException
 0000:46C5       _catchcleanup()
 0000:4D0C       __Local_unwind
 0000:4D2C       __Return_unwind
 0000:4DDF       __ExceptionHandler
 0000:5B2B       __CurrExcContext
 0000:5B7C       __throwfilename()
 0000:5B89       __throwlinenumber()
 0000:5B96       __throwexceptionname()
 0000:5BA3       typeinfo::typeinfo(const typeinfo near&)
 0000:5BFE       typeinfo::operator =(const typeinfo near&)
 0000:5C0A       typeinfo::~typeinfo()
 0000:5C33       typeinfo::operator ==(const typeinfo near&) const
 0000:5C61       typeinfo::operator !=(const typeinfo near&) const
 0000:5C7C       typeinfo::before(const typeinfo near&) const
 0000:5CDE       typeinfo::name() const
 0000:5CF7       __gettypeinfo(void far*,void far*,void far*,void far*)
 0000:5FE9       __dynamiccast(void far*,void far*,void far*,void far*,int)
 0000:61EF       string::string(const string near&)
 0000:632A       string::string(const char near*)
 0000:659C       string::~string()
 0000:664C       string::assert_element(unsigned int) const
 0000:6733       string::assert_index(unsigned int) const
 0000:681A       tsubstring::assert_element(unsigned int) const
 0000:68BB       tstringref::tstringref(const char near*,unsigned int,const char near*,unsigned int,unsigned int)
 0000:6972       tstringref::~tstringref()
 0000:69CF       tstringref::reserve(unsigned int)
 0000:6A31       tstringref::check_freeboard()
 0000:6A95       tstringref::grow_to(unsigned int)
 0000:6AE6       tstringref::round_capacity(unsigned int)
 0000:6B33       tstringref::splice(unsigned int,unsigned int,const char near*,unsigned int)
 0000:6C73       string::set_case_sensitive(int)
 0000:6C90       string::set_paranoid_check(int)
 0000:6CAD       string::skip_whitespace(int)
 0000:6CCA       string::initial_capacity(unsigned int)
 0000:6CE7       string::resize_increment(unsigned int)
 0000:6D11       string::max_waste(unsigned int)
 06F6:0000       DATASEG@
 06F6:0074       __Int0Vector
 06F6:0078       __Int4Vector
 06F6:007C       __Int5Vector
 06F6:0080       __Int6Vector
 06F6:0084       __C0argc
 06F6:0086       __C0argv
 06F6:0088       __C0environ
 06F6:008A       __envLng
 06F6:008C       __envseg
 06F6:008E       __envSize
 06F6:0090       __psp
 06F6:0092       __version
 06F6:0092       __osversion
 06F6:0092       __osmajor
 06F6:0093       __osminor
 06F6:0094       _errno
 06F6:0096       __Exception_list
 06F6:0098       ___heapbase
 06F6:009A       ___brklvl
 06F6:009C       __heapbase
 06F6:00A0       __brklvl
 06F6:00A4       __heaptop
 06F6:00CC       __streams
 06F6:03EC       __nfile
 06F6:03EE       __openfd
 06F6:0452       __doserrno
 06F6:0454       __dosErrorToSV
 06F6:0516       __sys_errlist
 06F6:0576       __sys_nerr
 06F6:07BE       __heaplen
 06F6:07C0       __stklen
 06F6:07C2       ___xalloc
 06F6:07D4       __first
 06F6:07D6       __last
 06F6:07D8       __rover
 06F6:07DC       __8086
 06F6:07DE       __atexitcnt
 06F6:07E0       __exitbuf
 06F6:07E2       __exitfopen
 06F6:07E4       __exitopen
 06F6:0826       ___CPPexceptionList
 06F6:082A       ___exceptFlags
 06F6:082C       ___savedDS
 06F6:082E       ___savedSI
 06F6:0830       ___terminatePTR
 06F6:0834       ___unexpectdPTR
 06F6:0838       ___terminate_DS
 06F6:083A       ___unexpectd_DS
 06F6:083C       ___throwFileName
 06F6:083E       ___throwLineNumber
 06F6:0840       ___throwExceptionName
 06F6:0842       ___exceptStaticBuffP
 06F6:0844       ___exceptMemAllocVars
 06F6:0846       ___exceptionNameBuff
 06F6:08C6       ___ExceptStaticXbuff
 06F6:0958       string::case_sensitive
 06F6:095A       string::paranoid_check
 06F6:095C       string::skip_white
 06F6:095E       string::initial_capac
 06F6:0960       string::resize_inc
 06F6:0962       string::freeboard
 06F6:09BE       __RealCvtVector
 06F6:09C0       __ScanTodVector
 06F6:09FC       _eeprom
 06F6:0A00       __new_handler
 06F6:0A04       __atexittbl
 06F6:0A44       ___SignalPtr
 06F6:0A4E       __DestructorCountPtr

Error: Undefined symbol PortOut(unsigned int,unsigned char) in module cds.cpp
Error: Undefined symbol BStop() in module cds.cpp
Error: Undefined symbol BitOut() in module cds.cpp
Error: Undefined symbol RX() in module cds.cpp
Error: Undefined symbol TX(unsigned char) in module cds.cpp
Error: Undefined symbol BStart() in module cds.cpp
Program entry point at 0000:0000

